 i_adc1A_d[7]                                 x34y17_0       P89           
 i_adc1A_d[6]                                 x34y22_3       P90           
 i_adc1A_d[5]                                 x34y22_2       P91           
 i_adc1A_d[4]                                 x34y28_3       P98           
 i_adc1A_d[3]                                 x34y28_2       P99           
 i_adc1A_d[2]                                 x34y28_1       P100          
 i_adc1A_d[1]                                 x34y31_3       P101          
 i_adc1A_d[0]                                 x34y31_2       P103          
 i_adc1B_d[7]                                 x22y37_1       P120          
 i_adc1B_d[6]                                 x22y37_2       P119          
 i_adc1B_d[5]                                 x28y37_0       P115          
 i_adc1B_d[4]                                 x28y37_1       P114          
 i_adc1B_d[3]                                 x28y37_2       P113          
 i_adc1B_d[2]                                 x28y37_3       P112          
 i_adc1B_d[1]                                 x31y37_1       P111          
 i_adc1B_d[0]                                 x31y37_2       P110          
 i_adc2A_d[7]                                 x25y0_1        P65           
 i_adc2A_d[6]                                 x25y0_2        P66           
 i_adc2A_d[5]                                 x25y0_3        P67           
 i_adc2A_d[4]                                 x28y0_1        P68           
 i_adc2A_d[3]                                 x28y0_2        P69           
 i_adc2A_d[2]                                 x31y0_0        P70           
 i_adc2A_d[1]                                 x31y0_1        P71           
 i_adc2A_d[0]                                 x31y0_3        P72           
 i_adc2B_d[7]                                 x34y14_3       P84           
 i_adc2B_d[6]                                 x34y11_1       P83           
 i_adc2B_d[5]                                 x34y8_2        P80           
 i_adc2B_d[4]                                 x34y5_2        P77           
 i_adc2B_d[3]                                 x34y5_3        P76           
 i_adc2B_d[2]                                 x34y2_1        P75           
 i_adc2B_d[1]                                 x34y2_2        P74           
 i_adc2B_d[0]                                 x34y2_3        P73           
 i_clk2                                       x0y17_0        P24           
 i_mcu_clk                                    x0y37_1        P1            
 i_mcu_dcs                                    x0y37_2        P3            
 i_mcu_rws                                    x0y37_0        P2            
 i_xtal                                       x0y22_3        P23           
 io_i2c_scl                                   x0y5_2         P34           
 io_i2c_sda                                   x0y5_1         P33           
 io_mcu_data[7]                               x1y37_1        P144          
 io_mcu_data[6]                               x1y37_0        P143          
 io_mcu_data[5]                               x1y37_2        P142          
 io_mcu_data[4]                               x1y37_3        P141          
 io_mcu_data[3]                               x6y37_2        P138          
 io_mcu_data[2]                               x6y37_3        P137          
 io_mcu_data[1]                               x9y37_0        P136          
 io_mcu_data[0]                               x9y37_1        P135          
 o_ac_dc_1                                    x11y37_1       P132          
 o_ac_dc_2                                    x11y37_0       P133          
 o_adc1_encA                                  x34y17_1       P88           
 o_adc1_encB                                  x22y37_0       P121          
 o_adc2_encA                                  x25y0_0        P64           
 o_adc2_encB                                  x34y14_2       P85           
 o_dac_d[7]                                   x11y0_1        P50           
 o_dac_d[6]                                   x11y0_0        P49           
 o_dac_d[5]                                   x6y0_3         P46           
 o_dac_d[4]                                   x6y0_1         P44           
 o_dac_d[3]                                   x6y0_0         P43           
 o_dac_d[2]                                   x4y0_2         P42           
 o_dac_d[1]                                   x1y0_0         P39           
 o_dac_d[0]                                   x1y0_1         P38           
 o_offset_1                                   x34y14_0       P87           
 o_offset_2                                   x34y14_1       P86           
 o_pwm_display                                x0y31_1        P7            
 o_relay1_1                                   x14y37_2       P129          
 o_relay1_2                                   x14y37_3       P128          
 o_relay1_3                                   x17y37_0       P127          
 o_relay2_1                                   x20y37_0       P124          
 o_relay2_2                                   x17y37_2       P125          
 o_relay2_3                                   x17y37_1       P126          
